r1 IMG_007521 1 1 1
r1 IMG_007533 1 1 1
r1 IMG_007548 1 2 1
r1 IMG_007555 6 3 2
r1 IMG_007554 4 4 3
r1 IMG_007524 1 1 1
r1 IMG_007531 4 3 3
r1 IMG_007536 3 5 2
r1 IMG_007547 4 3 2
r1 IMG_007527 5 5 2
r1 IMG_007529 1 1 1
r1 IMG_007542 2 5 2
r1 IMG_007620 5 4 3
r1 IMG_007598 2 3 2
r1 IMG_007594 5 3 3
r1 IMG_007599 3 2 2
r1 IMG_007603 2 2 2
r1 IMG_007601 9 8 7
r1 IMG_007612 9 10 7
r1 IMG_007621 10 7 6
r1 IMG_007617 1 1 1
r1 IMG_007606 5 4 4
r1 IMG_007602 2 2 2
r1 IMG_007611 1 1 1
r1 IMG_007650 4 4 3
r1 IMG_007655 5 5 4
r1 IMG_007652 5 3 3
r1 IMG_007664 5 6 5
r1 IMG_007658 4 4 4
r1 IMG_007647 4 3 3
r1 IMG_007665 4 4 3
r1 IMG_007661 4 4 3
r1 IMG_007580 4 5 4
r1 IMG_007585 3 4 3
r1 IMG_007570 3 3 3
r1 IMG_007626 5 4 2
r1 IMG_007634 10 7 7
r1 IMG_007635 7 8 6
r1 IMG_007672 22 13 10
r1 IMG_007673 1 2 1
r1 IMG_007417 2 2 2
r1 IMG_007450 4 6 4
r1 IMG_007465 9 5 5
r1 IMG_007470 1 1 1
r1 IMG_007499 3 3 3
r1 IMG_007516 3 2 2
r1 IMG_007374 3 2 2
r1 IMG_007396 5 5 4
r1 IMG_007328 4 4 4
r1 IMG_007346 2 2 2
r1 IMG_007347 3 3 3
r1 IMG_007326 4 5 4
r1 IMG_007322 2 2 2
r1 IMG_007340 5 5 4
r1 IMG_007684 2 2 2
r1 IMG_007682 2 2 2
r1 IMG_007692 2 3 2
r1 IMG_007702 2 1 1
r1 IMG_007707 3 5 3
r1 IMG_007712 2 1 1
