WARNING ⚠️ user config directory '/home/yanbo/net_vlm_parking_optimization/17_v5_spatial_evidence_vlm/runtime/config/Ultralytics' is not writable, using '/tmp/Ultralytics'. Set YOLO_CONFIG_DIR to override.
Creating new Ultralytics Settings v0.0.6 file ✅ 
View Ultralytics Settings with 'yolo settings' or at '/tmp/Ultralytics/settings.json'
Update Settings with 'yolo settings key=value', i.e. 'yolo settings runs_dir=path/to/dir'. For help see https://docs.ultralytics.com/quickstart/#ultralytics-settings.
IMG_007521 ok 1
IMG_007533 ok 1
IMG_007548 ok 1
IMG_007555 ok 2
IMG_007554 ok 3
IMG_007524 ok 1
IMG_007531 ok 2
IMG_007536 ok 5
IMG_007547 ok 3
IMG_007527 ok 4
IMG_007529 ok 0
IMG_007542 ok 5
IMG_007620 ok 3
IMG_007598 ok 2
IMG_007594 ok 2
IMG_007599 ok 1
IMG_007603 ok 1
IMG_007601 ok 8
IMG_007612 ok 10
IMG_007621 ok 7
IMG_007617 ok 1
IMG_007606 ok 3
IMG_007602 ok 1
IMG_007611 ok 1
IMG_007650 ok 4
IMG_007655 ok 4
IMG_007652 ok 2
IMG_007664 ok 6
IMG_007658 ok 2
IMG_007647 ok 3
IMG_007665 ok 3
IMG_007661 ok 4
IMG_007580 ok 5
IMG_007585 ok 4
IMG_007570 ok 3
IMG_007626 ok 4
IMG_007634 ok 6
IMG_007635 ok 8
IMG_007672 ok 13
IMG_007673 ok 2
IMG_007417 ok 2
IMG_007450 ok 6
IMG_007465 ok 5
IMG_007470 ok 1
IMG_007499 ok 3
IMG_007516 ok 2
IMG_007374 ok 2
IMG_007396 ok 5
IMG_007328 ok 4
IMG_007346 ok 2
IMG_007347 ok 2
IMG_007326 ok 5
IMG_007322 ok 1
IMG_007340 ok 5
IMG_007684 ok 1
IMG_007682 ok 1
IMG_007692 ok 3
IMG_007702 ok 0
IMG_007707 ok 3
IMG_007712 ok 1
